

================================================================
== Vivado HLS Report for 'calc_n_12'
================================================================
* Date:           Thu Aug 11 10:29:43 2022

* Version:        2016.4 (Build 1756540 on Mon Jan 23 19:31:01 MST 2017)
* Project:        LDPC_Decoder3U
* Solution:       solution1
* Product family: kintex7
* Target device:  xc7k160tfbg676-1


================================================================
== Performance Estimates
================================================================
+ Timing (ns): 
    * Summary: 
    +--------+-------+----------+------------+
    |  Clock | Target| Estimated| Uncertainty|
    +--------+-------+----------+------------+
    |ap_clk  |  10.00|      8.59|        1.25|
    +--------+-------+----------+------------+

+ Latency (clock cycles): 
    * Summary: 
    +-----+-----+-----+-----+---------+
    |  Latency  |  Interval | Pipeline|
    | min | max | min | max |   Type  |
    +-----+-----+-----+-----+---------+
    |    ?|    ?|    ?|    ?|   none  |
    +-----+-----+-----+-----+---------+

    + Detail: 
        * Instance: 
        +--------------------------------------+-------------------+-----+-----+-----+-----+---------+
        |                                      |                   |  Latency  |  Interval | Pipeline|
        |               Instance               |       Module      | min | max | min | max |   Type  |
        +--------------------------------------+-------------------+-----+-----+-----+-----+---------+
        |grp_load_pest_12_top_fu_770           |load_pest_12_top   |    1|    1|    1|    1|   none  |
        |grp_load_pest_12_bot_fu_865           |load_pest_12_bot   |    1|    1|    1|    1|   none  |
        |StgValue_54_update_lam_all_12_fu_960  |update_lam_all_12  |    0|    0|    0|    0|   none  |
        +--------------------------------------+-------------------+-----+-----+-----+-----+---------+

        * Loop: 
        +----------+-----+-----+----------+-----------+-----------+------+----------+
        |          |  Latency  | Iteration|  Initiation Interval  | Trip |          |
        | Loop Name| min | max |  Latency |  achieved |   target  | Count| Pipelined|
        +----------+-----+-----+----------+-----------+-----------+------+----------+
        |- Loop 1  |    ?|    ?|         4|          -|          -|     ?|    no    |
        +----------+-----+-----+----------+-----------+-----------+------+----------+



================================================================
== Utilization Estimates
================================================================
* Summary: 
+-----------------+---------+-------+--------+--------+
|       Name      | BRAM_18K| DSP48E|   FF   |   LUT  |
+-----------------+---------+-------+--------+--------+
|DSP              |        -|      -|       -|       -|
|Expression       |        -|      -|       0|      18|
|FIFO             |        -|      -|       -|       -|
|Instance         |        -|      -|       4|     663|
|Memory           |        -|      -|       -|       -|
|Multiplexer      |        -|      -|       -|     888|
|Register         |        -|      -|      55|       -|
+-----------------+---------+-------+--------+--------+
|Total            |        0|      0|      59|    1569|
+-----------------+---------+-------+--------+--------+
|Available        |      650|    600|  202800|  101400|
+-----------------+---------+-------+--------+--------+
|Utilization (%)  |        0|      0|   ~0   |       1|
+-----------------+---------+-------+--------+--------+

+ Detail: 
    * Instance: 
    +--------------------------------------+-------------------+---------+-------+---+-----+
    |               Instance               |       Module      | BRAM_18K| DSP48E| FF| LUT |
    +--------------------------------------+-------------------+---------+-------+---+-----+
    |grp_load_pest_12_bot_fu_865           |load_pest_12_bot   |        0|      0|  2|  315|
    |grp_load_pest_12_top_fu_770           |load_pest_12_top   |        0|      0|  2|  331|
    |StgValue_54_update_lam_all_12_fu_960  |update_lam_all_12  |        0|      0|  0|   17|
    +--------------------------------------+-------------------+---------+-------+---+-----+
    |Total                                 |                   |        0|      0|  4|  663|
    +--------------------------------------+-------------------+---------+-------+---+-----+

    * DSP48: 
    N/A

    * Memory: 
    N/A

    * FIFO: 
    N/A

    * Expression: 
    +---------------------+----------+-------+---+----+------------+------------+
    |    Variable Name    | Operation| DSP48E| FF| LUT| Bitwidth P0| Bitwidth P1|
    +---------------------+----------+-------+---+----+------------+------------+
    |n_fu_1164_p2         |     +    |      0|  0|  12|          12|           1|
    |exitcond_fu_1159_p2  |   icmp   |      0|  0|   5|          12|          12|
    |icmp_fu_1180_p2      |   icmp   |      0|  0|   1|           2|           1|
    +---------------------+----------+-------+---+----+------------+------------+
    |Total                |          |      0|  0|  18|          26|          14|
    +---------------------+----------+-------+---+----+------------+------------+

    * Multiplexer: 
    +-------------------------+----+-----------+-----+-----------+
    |           Name          | LUT| Input Size| Bits| Total Bits|
    +-------------------------+----+-----------+-----+-----------+
    |ap_NS_fsm                |   1|          5|    1|          5|
    |bpest0_o                 |   1|          3|    1|          3|
    |bpest0_o_ap_vld          |   1|          3|    1|          3|
    |bpest1_o                 |   1|          3|    1|          3|
    |bpest1_o_ap_vld          |   1|          3|    1|          3|
    |bpest2_o                 |   1|          3|    1|          3|
    |bpest2_o_ap_vld          |   1|          3|    1|          3|
    |bpest3_o                 |   1|          3|    1|          3|
    |bpest3_o_ap_vld          |   1|          3|    1|          3|
    |bpest4_o                 |   1|          3|    1|          3|
    |bpest4_o_ap_vld          |   1|          3|    1|          3|
    |pLambda0_address0        |  11|          3|   11|         33|
    |pLambda0_ce0             |   1|          3|    1|          3|
    |pLambda1_address0        |  11|          3|   11|         33|
    |pLambda1_ce0             |   1|          3|    1|          3|
    |pLambda2_address0        |  11|          3|   11|         33|
    |pLambda2_ce0             |   1|          3|    1|          3|
    |pLambda3_address0        |  11|          3|   11|         33|
    |pLambda3_ce0             |   1|          3|    1|          3|
    |pLambda4_address0        |  11|          3|   11|         33|
    |pLambda4_ce0             |   1|          3|    1|          3|
    |pest0_o                  |  16|          3|   16|         48|
    |pest0_o_ap_vld           |   1|          3|    1|          3|
    |pest1_o                  |  16|          3|   16|         48|
    |pest1_o_ap_vld           |   1|          3|    1|          3|
    |pest2_o                  |  16|          3|   16|         48|
    |pest2_o_ap_vld           |   1|          3|    1|          3|
    |pest3_o                  |  16|          3|   16|         48|
    |pest3_o_ap_vld           |   1|          3|    1|          3|
    |pest4_o                  |  16|          3|   16|         48|
    |pest4_o_ap_vld           |   1|          3|    1|          3|
    |pos_assign_reg_758       |  12|          2|   12|         24|
    |prLam2B_buf10_address0   |  10|          3|   10|         30|
    |prLam2B_buf10_ce0        |   1|          3|    1|          3|
    |prLam2B_buf10_we0        |   1|          2|    1|          2|
    |prLam2B_buf1_address0    |  10|          3|   10|         30|
    |prLam2B_buf1_ce0         |   1|          3|    1|          3|
    |prLam2B_buf1_we0         |   1|          2|    1|          2|
    |prLam2B_buf1a_address0   |  10|          3|   10|         30|
    |prLam2B_buf1a_ce0        |   1|          3|    1|          3|
    |prLam2B_buf1a_we0        |   1|          2|    1|          2|
    |prLam2B_buf3_address0    |  10|          3|   10|         30|
    |prLam2B_buf3_ce0         |   1|          3|    1|          3|
    |prLam2B_buf3_we0         |   1|          2|    1|          2|
    |prLam2B_buf3a_address0   |  10|          3|   10|         30|
    |prLam2B_buf3a_ce0        |   1|          3|    1|          3|
    |prLam2B_buf3a_we0        |   1|          2|    1|          2|
    |prLam2B_buf3b_address0   |  10|          3|   10|         30|
    |prLam2B_buf3b_ce0        |   1|          3|    1|          3|
    |prLam2B_buf3b_we0        |   1|          2|    1|          2|
    |prLam2B_buf4_address0    |  10|          3|   10|         30|
    |prLam2B_buf4_ce0         |   1|          3|    1|          3|
    |prLam2B_buf4_we0         |   1|          2|    1|          2|
    |prLam2B_buf5_address0    |  10|          3|   10|         30|
    |prLam2B_buf5_ce0         |   1|          3|    1|          3|
    |prLam2B_buf5_we0         |   1|          2|    1|          2|
    |prLam2B_buf5a_address0   |  10|          3|   10|         30|
    |prLam2B_buf5a_ce0        |   1|          3|    1|          3|
    |prLam2B_buf5a_we0        |   1|          2|    1|          2|
    |prLam2B_buf6_address0    |  10|          3|   10|         30|
    |prLam2B_buf6_ce0         |   1|          3|    1|          3|
    |prLam2B_buf6_we0         |   1|          2|    1|          2|
    |prLam2B_buf7_address0    |  10|          3|   10|         30|
    |prLam2B_buf7_ce0         |   1|          3|    1|          3|
    |prLam2B_buf7_we0         |   1|          2|    1|          2|
    |prLam2B_buf7a_address0   |  10|          3|   10|         30|
    |prLam2B_buf7a_ce0        |   1|          3|    1|          3|
    |prLam2B_buf7a_we0        |   1|          2|    1|          2|
    |prLam2B_buf9_address0    |  10|          3|   10|         30|
    |prLam2B_buf9_ce0         |   1|          3|    1|          3|
    |prLam2B_buf9_we0         |   1|          2|    1|          2|
    |prLam2B_buf9a_address0   |  10|          3|   10|         30|
    |prLam2B_buf9a_ce0        |   1|          3|    1|          3|
    |prLam2B_buf9a_we0        |   1|          2|    1|          2|
    |prLam2B_buf_address0     |  10|          3|   10|         30|
    |prLam2B_buf_ce0          |   1|          3|    1|          3|
    |prLam2B_buf_we0          |   1|          2|    1|          2|
    |prLam2C_buf10_address0   |  10|          3|   10|         30|
    |prLam2C_buf10_ce0        |   1|          3|    1|          3|
    |prLam2C_buf10_we0        |   1|          2|    1|          2|
    |prLam2C_buf10a_address0  |  10|          3|   10|         30|
    |prLam2C_buf10a_ce0       |   1|          3|    1|          3|
    |prLam2C_buf10a_we0       |   1|          2|    1|          2|
    |prLam2C_buf10b_address0  |  10|          3|   10|         30|
    |prLam2C_buf10b_ce0       |   1|          3|    1|          3|
    |prLam2C_buf10b_we0       |   1|          2|    1|          2|
    |prLam2C_buf1_address0    |  10|          3|   10|         30|
    |prLam2C_buf1_ce0         |   1|          3|    1|          3|
    |prLam2C_buf1_we0         |   1|          2|    1|          2|
    |prLam2C_buf3_address0    |  10|          3|   10|         30|
    |prLam2C_buf3_ce0         |   1|          3|    1|          3|
    |prLam2C_buf3_we0         |   1|          2|    1|          2|
    |prLam2C_buf4_address0    |  10|          3|   10|         30|
    |prLam2C_buf4_ce0         |   1|          3|    1|          3|
    |prLam2C_buf4_we0         |   1|          2|    1|          2|
    |prLam2C_buf4a_address0   |  10|          3|   10|         30|
    |prLam2C_buf4a_ce0        |   1|          3|    1|          3|
    |prLam2C_buf4a_we0        |   1|          2|    1|          2|
    |prLam2C_buf4b_address0   |  10|          3|   10|         30|
    |prLam2C_buf4b_ce0        |   1|          3|    1|          3|
    |prLam2C_buf4b_we0        |   1|          2|    1|          2|
    |prLam2C_buf5_address0    |  10|          3|   10|         30|
    |prLam2C_buf5_ce0         |   1|          3|    1|          3|
    |prLam2C_buf5_we0         |   1|          2|    1|          2|
    |prLam2C_buf6_address0    |  10|          3|   10|         30|
    |prLam2C_buf6_ce0         |   1|          3|    1|          3|
    |prLam2C_buf6_we0         |   1|          2|    1|          2|
    |prLam2C_buf7_address0    |  10|          3|   10|         30|
    |prLam2C_buf7_ce0         |   1|          3|    1|          3|
    |prLam2C_buf7_we0         |   1|          2|    1|          2|
    |prLam2C_buf_address0     |  10|          3|   10|         30|
    |prLam2C_buf_ce0          |   1|          3|    1|          3|
    |prLam2C_buf_we0          |   1|          2|    1|          2|
    |prLam2_buf2_address0     |  10|          3|   10|         30|
    |prLam2_buf2_ce0          |   1|          3|    1|          3|
    |prLam2_buf2_we0          |   1|          2|    1|          2|
    |prLam2_buf4_address0     |  10|          3|   10|         30|
    |prLam2_buf4_ce0          |   1|          3|    1|          3|
    |prLam2_buf4_we0          |   1|          2|    1|          2|
    |prLam2_buf4a_address0    |  10|          3|   10|         30|
    |prLam2_buf4a_ce0         |   1|          3|    1|          3|
    |prLam2_buf4a_we0         |   1|          2|    1|          2|
    |prLamB_buf10_address0    |  10|          3|   10|         30|
    |prLamB_buf10_ce0         |   1|          3|    1|          3|
    |prLamB_buf10_we0         |   1|          2|    1|          2|
    |prLamB_buf1_address0     |  10|          3|   10|         30|
    |prLamB_buf1_ce0          |   1|          3|    1|          3|
    |prLamB_buf1_we0          |   1|          2|    1|          2|
    |prLamB_buf1a_address0    |  10|          3|   10|         30|
    |prLamB_buf1a_ce0         |   1|          3|    1|          3|
    |prLamB_buf1a_we0         |   1|          2|    1|          2|
    |prLamB_buf3_address0     |  10|          3|   10|         30|
    |prLamB_buf3_ce0          |   1|          3|    1|          3|
    |prLamB_buf3_we0          |   1|          2|    1|          2|
    |prLamB_buf3a_address0    |  10|          3|   10|         30|
    |prLamB_buf3a_ce0         |   1|          3|    1|          3|
    |prLamB_buf3a_we0         |   1|          2|    1|          2|
    |prLamB_buf3b_address0    |  10|          3|   10|         30|
    |prLamB_buf3b_ce0         |   1|          3|    1|          3|
    |prLamB_buf3b_we0         |   1|          2|    1|          2|
    |prLamB_buf4_address0     |  10|          3|   10|         30|
    |prLamB_buf4_ce0          |   1|          3|    1|          3|
    |prLamB_buf4_we0          |   1|          2|    1|          2|
    |prLamB_buf5_address0     |  10|          3|   10|         30|
    |prLamB_buf5_ce0          |   1|          3|    1|          3|
    |prLamB_buf5_we0          |   1|          2|    1|          2|
    |prLamB_buf5a_address0    |  10|          3|   10|         30|
    |prLamB_buf5a_ce0         |   1|          3|    1|          3|
    |prLamB_buf5a_we0         |   1|          2|    1|          2|
    |prLamB_buf6_address0     |  10|          3|   10|         30|
    |prLamB_buf6_ce0          |   1|          3|    1|          3|
    |prLamB_buf6_we0          |   1|          2|    1|          2|
    |prLamB_buf7_address0     |  10|          3|   10|         30|
    |prLamB_buf7_ce0          |   1|          3|    1|          3|
    |prLamB_buf7_we0          |   1|          2|    1|          2|
    |prLamB_buf7a_address0    |  10|          3|   10|         30|
    |prLamB_buf7a_ce0         |   1|          3|    1|          3|
    |prLamB_buf7a_we0         |   1|          2|    1|          2|
    |prLamB_buf9_address0     |  10|          3|   10|         30|
    |prLamB_buf9_ce0          |   1|          3|    1|          3|
    |prLamB_buf9_we0          |   1|          2|    1|          2|
    |prLamB_buf9a_address0    |  10|          3|   10|         30|
    |prLamB_buf9a_ce0         |   1|          3|    1|          3|
    |prLamB_buf9a_we0         |   1|          2|    1|          2|
    |prLamB_buf_address0      |  10|          3|   10|         30|
    |prLamB_buf_ce0           |   1|          3|    1|          3|
    |prLamB_buf_we0           |   1|          2|    1|          2|
    |prLamC_buf10_address0    |  10|          3|   10|         30|
    |prLamC_buf10_ce0         |   1|          3|    1|          3|
    |prLamC_buf10_we0         |   1|          2|    1|          2|
    |prLamC_buf10a_address0   |  10|          3|   10|         30|
    |prLamC_buf10a_ce0        |   1|          3|    1|          3|
    |prLamC_buf10a_we0        |   1|          2|    1|          2|
    |prLamC_buf10b_address0   |  10|          3|   10|         30|
    |prLamC_buf10b_ce0        |   1|          3|    1|          3|
    |prLamC_buf10b_we0        |   1|          2|    1|          2|
    |prLamC_buf1_address0     |  10|          3|   10|         30|
    |prLamC_buf1_ce0          |   1|          3|    1|          3|
    |prLamC_buf1_we0          |   1|          2|    1|          2|
    |prLamC_buf3_address0     |  10|          3|   10|         30|
    |prLamC_buf3_ce0          |   1|          3|    1|          3|
    |prLamC_buf3_we0          |   1|          2|    1|          2|
    |prLamC_buf4_address0     |  10|          3|   10|         30|
    |prLamC_buf4_ce0          |   1|          3|    1|          3|
    |prLamC_buf4_we0          |   1|          2|    1|          2|
    |prLamC_buf4a_address0    |  10|          3|   10|         30|
    |prLamC_buf4a_ce0         |   1|          3|    1|          3|
    |prLamC_buf4a_we0         |   1|          2|    1|          2|
    |prLamC_buf4b_address0    |  10|          3|   10|         30|
    |prLamC_buf4b_ce0         |   1|          3|    1|          3|
    |prLamC_buf4b_we0         |   1|          2|    1|          2|
    |prLamC_buf5_address0     |  10|          3|   10|         30|
    |prLamC_buf5_ce0          |   1|          3|    1|          3|
    |prLamC_buf5_we0          |   1|          2|    1|          2|
    |prLamC_buf6_address0     |  10|          3|   10|         30|
    |prLamC_buf6_ce0          |   1|          3|    1|          3|
    |prLamC_buf6_we0          |   1|          2|    1|          2|
    |prLamC_buf7_address0     |  10|          3|   10|         30|
    |prLamC_buf7_ce0          |   1|          3|    1|          3|
    |prLamC_buf7_we0          |   1|          2|    1|          2|
    |prLamC_buf_address0      |  10|          3|   10|         30|
    |prLamC_buf_ce0           |   1|          3|    1|          3|
    |prLamC_buf_we0           |   1|          2|    1|          2|
    |prLam_buf2_address0      |  10|          3|   10|         30|
    |prLam_buf2_ce0           |   1|          3|    1|          3|
    |prLam_buf2_we0           |   1|          2|    1|          2|
    |prLam_buf4_address0      |  10|          3|   10|         30|
    |prLam_buf4_ce0           |   1|          3|    1|          3|
    |prLam_buf4_we0           |   1|          2|    1|          2|
    |prLam_buf4a_address0     |  10|          3|   10|         30|
    |prLam_buf4a_ce0          |   1|          3|    1|          3|
    |prLam_buf4a_we0          |   1|          2|    1|          2|
    +-------------------------+----+-----------+-----+-----------+
    |Total                    | 888|        577|  888|       2594|
    +-------------------------+----+-----------+-----+-----------+

    * Register: 
    +---------------------------------------------+----+----+-----+-----------+
    |                     Name                    | FF | LUT| Bits| Const Bits|
    +---------------------------------------------+----+----+-----+-----------+
    |ap_CS_fsm                                    |   4|   0|    4|          0|
    |ap_reg_grp_load_pest_12_bot_fu_865_ap_start  |   1|   0|    1|          0|
    |ap_reg_grp_load_pest_12_top_fu_770_ap_start  |   1|   0|    1|          0|
    |icmp_reg_1294                                |   1|   0|    1|          0|
    |n_reg_1289                                   |  12|   0|   12|          0|
    |pos_assign_cast_cast_1_reg_1298              |  12|   0|   13|          1|
    |pos_assign_reg_758                           |  12|   0|   12|          0|
    |tmp_s_reg_1252                               |  12|   0|   32|         20|
    +---------------------------------------------+----+----+-----+-----------+
    |Total                                        |  55|   0|   76|         21|
    +---------------------------------------------+----+----+-----+-----------+



================================================================
== Interface
================================================================
* Summary: 
+-------------------------+-----+-----+------------+----------------+--------------+
|        RTL Ports        | Dir | Bits|  Protocol  |  Source Object |    C Type    |
+-------------------------+-----+-----+------------+----------------+--------------+
|ap_clk                   |  in |    1| ap_ctrl_hs |    calc_n_12   | return value |
|ap_rst                   |  in |    1| ap_ctrl_hs |    calc_n_12   | return value |
|ap_start                 |  in |    1| ap_ctrl_hs |    calc_n_12   | return value |
|ap_done                  | out |    1| ap_ctrl_hs |    calc_n_12   | return value |
|ap_idle                  | out |    1| ap_ctrl_hs |    calc_n_12   | return value |
|ap_ready                 | out |    1| ap_ctrl_hs |    calc_n_12   | return value |
|nCodeN11                 |  in |   12|   ap_none  |    nCodeN11    |    scalar    |
|pLambda0_address0        | out |   11|  ap_memory |    pLambda0    |     array    |
|pLambda0_ce0             | out |    1|  ap_memory |    pLambda0    |     array    |
|pLambda0_q0              |  in |   16|  ap_memory |    pLambda0    |     array    |
|prLamB_buf_address0      | out |   10|  ap_memory |   prLamB_buf   |     array    |
|prLamB_buf_ce0           | out |    1|  ap_memory |   prLamB_buf   |     array    |
|prLamB_buf_we0           | out |    1|  ap_memory |   prLamB_buf   |     array    |
|prLamB_buf_d0            | out |   16|  ap_memory |   prLamB_buf   |     array    |
|prLamB_buf_q0            |  in |   16|  ap_memory |   prLamB_buf   |     array    |
|prLamC_buf_address0      | out |   10|  ap_memory |   prLamC_buf   |     array    |
|prLamC_buf_ce0           | out |    1|  ap_memory |   prLamC_buf   |     array    |
|prLamC_buf_we0           | out |    1|  ap_memory |   prLamC_buf   |     array    |
|prLamC_buf_d0            | out |   16|  ap_memory |   prLamC_buf   |     array    |
|prLamC_buf_q0            |  in |   16|  ap_memory |   prLamC_buf   |     array    |
|prLam2B_buf_address0     | out |   10|  ap_memory |   prLam2B_buf  |     array    |
|prLam2B_buf_ce0          | out |    1|  ap_memory |   prLam2B_buf  |     array    |
|prLam2B_buf_we0          | out |    1|  ap_memory |   prLam2B_buf  |     array    |
|prLam2B_buf_d0           | out |   16|  ap_memory |   prLam2B_buf  |     array    |
|prLam2B_buf_q0           |  in |   16|  ap_memory |   prLam2B_buf  |     array    |
|prLam2C_buf_address0     | out |   10|  ap_memory |   prLam2C_buf  |     array    |
|prLam2C_buf_ce0          | out |    1|  ap_memory |   prLam2C_buf  |     array    |
|prLam2C_buf_we0          | out |    1|  ap_memory |   prLam2C_buf  |     array    |
|prLam2C_buf_d0           | out |   16|  ap_memory |   prLam2C_buf  |     array    |
|prLam2C_buf_q0           |  in |   16|  ap_memory |   prLam2C_buf  |     array    |
|pest0_i                  |  in |   16|   ap_ovld  |      pest0     |    pointer   |
|pest0_o                  | out |   16|   ap_ovld  |      pest0     |    pointer   |
|pest0_o_ap_vld           | out |    1|   ap_ovld  |      pest0     |    pointer   |
|pLambda1_address0        | out |   11|  ap_memory |    pLambda1    |     array    |
|pLambda1_ce0             | out |    1|  ap_memory |    pLambda1    |     array    |
|pLambda1_q0              |  in |   16|  ap_memory |    pLambda1    |     array    |
|prLamB_buf1_address0     | out |   10|  ap_memory |   prLamB_buf1  |     array    |
|prLamB_buf1_ce0          | out |    1|  ap_memory |   prLamB_buf1  |     array    |
|prLamB_buf1_we0          | out |    1|  ap_memory |   prLamB_buf1  |     array    |
|prLamB_buf1_d0           | out |   16|  ap_memory |   prLamB_buf1  |     array    |
|prLamB_buf1_q0           |  in |   16|  ap_memory |   prLamB_buf1  |     array    |
|prLamB_buf1a_address0    | out |   10|  ap_memory |  prLamB_buf1a  |     array    |
|prLamB_buf1a_ce0         | out |    1|  ap_memory |  prLamB_buf1a  |     array    |
|prLamB_buf1a_we0         | out |    1|  ap_memory |  prLamB_buf1a  |     array    |
|prLamB_buf1a_d0          | out |   16|  ap_memory |  prLamB_buf1a  |     array    |
|prLamB_buf1a_q0          |  in |   16|  ap_memory |  prLamB_buf1a  |     array    |
|prLamC_buf1_address0     | out |   10|  ap_memory |   prLamC_buf1  |     array    |
|prLamC_buf1_ce0          | out |    1|  ap_memory |   prLamC_buf1  |     array    |
|prLamC_buf1_we0          | out |    1|  ap_memory |   prLamC_buf1  |     array    |
|prLamC_buf1_d0           | out |   16|  ap_memory |   prLamC_buf1  |     array    |
|prLamC_buf1_q0           |  in |   16|  ap_memory |   prLamC_buf1  |     array    |
|prLam2B_buf1_address0    | out |   10|  ap_memory |  prLam2B_buf1  |     array    |
|prLam2B_buf1_ce0         | out |    1|  ap_memory |  prLam2B_buf1  |     array    |
|prLam2B_buf1_we0         | out |    1|  ap_memory |  prLam2B_buf1  |     array    |
|prLam2B_buf1_d0          | out |   16|  ap_memory |  prLam2B_buf1  |     array    |
|prLam2B_buf1_q0          |  in |   16|  ap_memory |  prLam2B_buf1  |     array    |
|prLam2B_buf1a_address0   | out |   10|  ap_memory |  prLam2B_buf1a |     array    |
|prLam2B_buf1a_ce0        | out |    1|  ap_memory |  prLam2B_buf1a |     array    |
|prLam2B_buf1a_we0        | out |    1|  ap_memory |  prLam2B_buf1a |     array    |
|prLam2B_buf1a_d0         | out |   16|  ap_memory |  prLam2B_buf1a |     array    |
|prLam2B_buf1a_q0         |  in |   16|  ap_memory |  prLam2B_buf1a |     array    |
|prLam2C_buf1_address0    | out |   10|  ap_memory |  prLam2C_buf1  |     array    |
|prLam2C_buf1_ce0         | out |    1|  ap_memory |  prLam2C_buf1  |     array    |
|prLam2C_buf1_we0         | out |    1|  ap_memory |  prLam2C_buf1  |     array    |
|prLam2C_buf1_d0          | out |   16|  ap_memory |  prLam2C_buf1  |     array    |
|prLam2C_buf1_q0          |  in |   16|  ap_memory |  prLam2C_buf1  |     array    |
|pest1_i                  |  in |   16|   ap_ovld  |      pest1     |    pointer   |
|pest1_o                  | out |   16|   ap_ovld  |      pest1     |    pointer   |
|pest1_o_ap_vld           | out |    1|   ap_ovld  |      pest1     |    pointer   |
|pLambda2_address0        | out |   11|  ap_memory |    pLambda2    |     array    |
|pLambda2_ce0             | out |    1|  ap_memory |    pLambda2    |     array    |
|pLambda2_q0              |  in |   16|  ap_memory |    pLambda2    |     array    |
|prLam_buf2_address0      | out |   10|  ap_memory |   prLam_buf2   |     array    |
|prLam_buf2_ce0           | out |    1|  ap_memory |   prLam_buf2   |     array    |
|prLam_buf2_we0           | out |    1|  ap_memory |   prLam_buf2   |     array    |
|prLam_buf2_d0            | out |   16|  ap_memory |   prLam_buf2   |     array    |
|prLam_buf2_q0            |  in |   16|  ap_memory |   prLam_buf2   |     array    |
|prLam2_buf2_address0     | out |   10|  ap_memory |   prLam2_buf2  |     array    |
|prLam2_buf2_ce0          | out |    1|  ap_memory |   prLam2_buf2  |     array    |
|prLam2_buf2_we0          | out |    1|  ap_memory |   prLam2_buf2  |     array    |
|prLam2_buf2_d0           | out |   16|  ap_memory |   prLam2_buf2  |     array    |
|prLam2_buf2_q0           |  in |   16|  ap_memory |   prLam2_buf2  |     array    |
|pest2_i                  |  in |   16|   ap_ovld  |      pest2     |    pointer   |
|pest2_o                  | out |   16|   ap_ovld  |      pest2     |    pointer   |
|pest2_o_ap_vld           | out |    1|   ap_ovld  |      pest2     |    pointer   |
|pLambda3_address0        | out |   11|  ap_memory |    pLambda3    |     array    |
|pLambda3_ce0             | out |    1|  ap_memory |    pLambda3    |     array    |
|pLambda3_q0              |  in |   16|  ap_memory |    pLambda3    |     array    |
|prLamB_buf3_address0     | out |   10|  ap_memory |   prLamB_buf3  |     array    |
|prLamB_buf3_ce0          | out |    1|  ap_memory |   prLamB_buf3  |     array    |
|prLamB_buf3_we0          | out |    1|  ap_memory |   prLamB_buf3  |     array    |
|prLamB_buf3_d0           | out |   16|  ap_memory |   prLamB_buf3  |     array    |
|prLamB_buf3_q0           |  in |   16|  ap_memory |   prLamB_buf3  |     array    |
|prLamB_buf3a_address0    | out |   10|  ap_memory |  prLamB_buf3a  |     array    |
|prLamB_buf3a_ce0         | out |    1|  ap_memory |  prLamB_buf3a  |     array    |
|prLamB_buf3a_we0         | out |    1|  ap_memory |  prLamB_buf3a  |     array    |
|prLamB_buf3a_d0          | out |   16|  ap_memory |  prLamB_buf3a  |     array    |
|prLamB_buf3a_q0          |  in |   16|  ap_memory |  prLamB_buf3a  |     array    |
|prLamC_buf3_address0     | out |   10|  ap_memory |   prLamC_buf3  |     array    |
|prLamC_buf3_ce0          | out |    1|  ap_memory |   prLamC_buf3  |     array    |
|prLamC_buf3_we0          | out |    1|  ap_memory |   prLamC_buf3  |     array    |
|prLamC_buf3_d0           | out |   16|  ap_memory |   prLamC_buf3  |     array    |
|prLamC_buf3_q0           |  in |   16|  ap_memory |   prLamC_buf3  |     array    |
|prLam2B_buf3_address0    | out |   10|  ap_memory |  prLam2B_buf3  |     array    |
|prLam2B_buf3_ce0         | out |    1|  ap_memory |  prLam2B_buf3  |     array    |
|prLam2B_buf3_we0         | out |    1|  ap_memory |  prLam2B_buf3  |     array    |
|prLam2B_buf3_d0          | out |   16|  ap_memory |  prLam2B_buf3  |     array    |
|prLam2B_buf3_q0          |  in |   16|  ap_memory |  prLam2B_buf3  |     array    |
|prLam2B_buf3a_address0   | out |   10|  ap_memory |  prLam2B_buf3a |     array    |
|prLam2B_buf3a_ce0        | out |    1|  ap_memory |  prLam2B_buf3a |     array    |
|prLam2B_buf3a_we0        | out |    1|  ap_memory |  prLam2B_buf3a |     array    |
|prLam2B_buf3a_d0         | out |   16|  ap_memory |  prLam2B_buf3a |     array    |
|prLam2B_buf3a_q0         |  in |   16|  ap_memory |  prLam2B_buf3a |     array    |
|prLam2C_buf3_address0    | out |   10|  ap_memory |  prLam2C_buf3  |     array    |
|prLam2C_buf3_ce0         | out |    1|  ap_memory |  prLam2C_buf3  |     array    |
|prLam2C_buf3_we0         | out |    1|  ap_memory |  prLam2C_buf3  |     array    |
|prLam2C_buf3_d0          | out |   16|  ap_memory |  prLam2C_buf3  |     array    |
|prLam2C_buf3_q0          |  in |   16|  ap_memory |  prLam2C_buf3  |     array    |
|pest3_i                  |  in |   16|   ap_ovld  |      pest3     |    pointer   |
|pest3_o                  | out |   16|   ap_ovld  |      pest3     |    pointer   |
|pest3_o_ap_vld           | out |    1|   ap_ovld  |      pest3     |    pointer   |
|pLambda4_address0        | out |   11|  ap_memory |    pLambda4    |     array    |
|pLambda4_ce0             | out |    1|  ap_memory |    pLambda4    |     array    |
|pLambda4_q0              |  in |   16|  ap_memory |    pLambda4    |     array    |
|prLam_buf4_address0      | out |   10|  ap_memory |   prLam_buf4   |     array    |
|prLam_buf4_ce0           | out |    1|  ap_memory |   prLam_buf4   |     array    |
|prLam_buf4_we0           | out |    1|  ap_memory |   prLam_buf4   |     array    |
|prLam_buf4_d0            | out |   16|  ap_memory |   prLam_buf4   |     array    |
|prLam_buf4_q0            |  in |   16|  ap_memory |   prLam_buf4   |     array    |
|prLam_buf4a_address0     | out |   10|  ap_memory |   prLam_buf4a  |     array    |
|prLam_buf4a_ce0          | out |    1|  ap_memory |   prLam_buf4a  |     array    |
|prLam_buf4a_we0          | out |    1|  ap_memory |   prLam_buf4a  |     array    |
|prLam_buf4a_d0           | out |   16|  ap_memory |   prLam_buf4a  |     array    |
|prLam_buf4a_q0           |  in |   16|  ap_memory |   prLam_buf4a  |     array    |
|prLamB_buf4_address0     | out |   10|  ap_memory |   prLamB_buf4  |     array    |
|prLamB_buf4_ce0          | out |    1|  ap_memory |   prLamB_buf4  |     array    |
|prLamB_buf4_we0          | out |    1|  ap_memory |   prLamB_buf4  |     array    |
|prLamB_buf4_d0           | out |   16|  ap_memory |   prLamB_buf4  |     array    |
|prLamB_buf4_q0           |  in |   16|  ap_memory |   prLamB_buf4  |     array    |
|prLamC_buf4_address0     | out |   10|  ap_memory |   prLamC_buf4  |     array    |
|prLamC_buf4_ce0          | out |    1|  ap_memory |   prLamC_buf4  |     array    |
|prLamC_buf4_we0          | out |    1|  ap_memory |   prLamC_buf4  |     array    |
|prLamC_buf4_d0           | out |   16|  ap_memory |   prLamC_buf4  |     array    |
|prLamC_buf4_q0           |  in |   16|  ap_memory |   prLamC_buf4  |     array    |
|prLamC_buf4a_address0    | out |   10|  ap_memory |  prLamC_buf4a  |     array    |
|prLamC_buf4a_ce0         | out |    1|  ap_memory |  prLamC_buf4a  |     array    |
|prLamC_buf4a_we0         | out |    1|  ap_memory |  prLamC_buf4a  |     array    |
|prLamC_buf4a_d0          | out |   16|  ap_memory |  prLamC_buf4a  |     array    |
|prLamC_buf4a_q0          |  in |   16|  ap_memory |  prLamC_buf4a  |     array    |
|prLamC_buf4b_address0    | out |   10|  ap_memory |  prLamC_buf4b  |     array    |
|prLamC_buf4b_ce0         | out |    1|  ap_memory |  prLamC_buf4b  |     array    |
|prLamC_buf4b_we0         | out |    1|  ap_memory |  prLamC_buf4b  |     array    |
|prLamC_buf4b_d0          | out |   16|  ap_memory |  prLamC_buf4b  |     array    |
|prLamC_buf4b_q0          |  in |   16|  ap_memory |  prLamC_buf4b  |     array    |
|prLam2_buf4_address0     | out |   10|  ap_memory |   prLam2_buf4  |     array    |
|prLam2_buf4_ce0          | out |    1|  ap_memory |   prLam2_buf4  |     array    |
|prLam2_buf4_we0          | out |    1|  ap_memory |   prLam2_buf4  |     array    |
|prLam2_buf4_d0           | out |   16|  ap_memory |   prLam2_buf4  |     array    |
|prLam2_buf4_q0           |  in |   16|  ap_memory |   prLam2_buf4  |     array    |
|prLam2_buf4a_address0    | out |   10|  ap_memory |  prLam2_buf4a  |     array    |
|prLam2_buf4a_ce0         | out |    1|  ap_memory |  prLam2_buf4a  |     array    |
|prLam2_buf4a_we0         | out |    1|  ap_memory |  prLam2_buf4a  |     array    |
|prLam2_buf4a_d0          | out |   16|  ap_memory |  prLam2_buf4a  |     array    |
|prLam2_buf4a_q0          |  in |   16|  ap_memory |  prLam2_buf4a  |     array    |
|prLam2B_buf4_address0    | out |   10|  ap_memory |  prLam2B_buf4  |     array    |
|prLam2B_buf4_ce0         | out |    1|  ap_memory |  prLam2B_buf4  |     array    |
|prLam2B_buf4_we0         | out |    1|  ap_memory |  prLam2B_buf4  |     array    |
|prLam2B_buf4_d0          | out |   16|  ap_memory |  prLam2B_buf4  |     array    |
|prLam2B_buf4_q0          |  in |   16|  ap_memory |  prLam2B_buf4  |     array    |
|prLam2C_buf4_address0    | out |   10|  ap_memory |  prLam2C_buf4  |     array    |
|prLam2C_buf4_ce0         | out |    1|  ap_memory |  prLam2C_buf4  |     array    |
|prLam2C_buf4_we0         | out |    1|  ap_memory |  prLam2C_buf4  |     array    |
|prLam2C_buf4_d0          | out |   16|  ap_memory |  prLam2C_buf4  |     array    |
|prLam2C_buf4_q0          |  in |   16|  ap_memory |  prLam2C_buf4  |     array    |
|prLam2C_buf4a_address0   | out |   10|  ap_memory |  prLam2C_buf4a |     array    |
|prLam2C_buf4a_ce0        | out |    1|  ap_memory |  prLam2C_buf4a |     array    |
|prLam2C_buf4a_we0        | out |    1|  ap_memory |  prLam2C_buf4a |     array    |
|prLam2C_buf4a_d0         | out |   16|  ap_memory |  prLam2C_buf4a |     array    |
|prLam2C_buf4a_q0         |  in |   16|  ap_memory |  prLam2C_buf4a |     array    |
|prLam2C_buf4b_address0   | out |   10|  ap_memory |  prLam2C_buf4b |     array    |
|prLam2C_buf4b_ce0        | out |    1|  ap_memory |  prLam2C_buf4b |     array    |
|prLam2C_buf4b_we0        | out |    1|  ap_memory |  prLam2C_buf4b |     array    |
|prLam2C_buf4b_d0         | out |   16|  ap_memory |  prLam2C_buf4b |     array    |
|prLam2C_buf4b_q0         |  in |   16|  ap_memory |  prLam2C_buf4b |     array    |
|pest4_i                  |  in |   16|   ap_ovld  |      pest4     |    pointer   |
|pest4_o                  | out |   16|   ap_ovld  |      pest4     |    pointer   |
|pest4_o_ap_vld           | out |    1|   ap_ovld  |      pest4     |    pointer   |
|bpest0_i                 |  in |    1|   ap_ovld  |     bpest0     |    pointer   |
|bpest0_o                 | out |    1|   ap_ovld  |     bpest0     |    pointer   |
|bpest0_o_ap_vld          | out |    1|   ap_ovld  |     bpest0     |    pointer   |
|bpest1_i                 |  in |    1|   ap_ovld  |     bpest1     |    pointer   |
|bpest1_o                 | out |    1|   ap_ovld  |     bpest1     |    pointer   |
|bpest1_o_ap_vld          | out |    1|   ap_ovld  |     bpest1     |    pointer   |
|bpest2_i                 |  in |    1|   ap_ovld  |     bpest2     |    pointer   |
|bpest2_o                 | out |    1|   ap_ovld  |     bpest2     |    pointer   |
|bpest2_o_ap_vld          | out |    1|   ap_ovld  |     bpest2     |    pointer   |
|bpest3_i                 |  in |    1|   ap_ovld  |     bpest3     |    pointer   |
|bpest3_o                 | out |    1|   ap_ovld  |     bpest3     |    pointer   |
|bpest3_o_ap_vld          | out |    1|   ap_ovld  |     bpest3     |    pointer   |
|bpest4_i                 |  in |    1|   ap_ovld  |     bpest4     |    pointer   |
|bpest4_o                 | out |    1|   ap_ovld  |     bpest4     |    pointer   |
|bpest4_o_ap_vld          | out |    1|   ap_ovld  |     bpest4     |    pointer   |
|prLamB_buf3b_address0    | out |   10|  ap_memory |  prLamB_buf3b  |     array    |
|prLamB_buf3b_ce0         | out |    1|  ap_memory |  prLamB_buf3b  |     array    |
|prLamB_buf3b_we0         | out |    1|  ap_memory |  prLamB_buf3b  |     array    |
|prLamB_buf3b_d0          | out |   16|  ap_memory |  prLamB_buf3b  |     array    |
|prLamB_buf3b_q0          |  in |   16|  ap_memory |  prLamB_buf3b  |     array    |
|prLamC_buf5_address0     | out |   10|  ap_memory |   prLamC_buf5  |     array    |
|prLamC_buf5_ce0          | out |    1|  ap_memory |   prLamC_buf5  |     array    |
|prLamC_buf5_we0          | out |    1|  ap_memory |   prLamC_buf5  |     array    |
|prLamC_buf5_d0           | out |   16|  ap_memory |   prLamC_buf5  |     array    |
|prLamC_buf5_q0           |  in |   16|  ap_memory |   prLamC_buf5  |     array    |
|prLam2B_buf3b_address0   | out |   10|  ap_memory |  prLam2B_buf3b |     array    |
|prLam2B_buf3b_ce0        | out |    1|  ap_memory |  prLam2B_buf3b |     array    |
|prLam2B_buf3b_we0        | out |    1|  ap_memory |  prLam2B_buf3b |     array    |
|prLam2B_buf3b_d0         | out |   16|  ap_memory |  prLam2B_buf3b |     array    |
|prLam2B_buf3b_q0         |  in |   16|  ap_memory |  prLam2B_buf3b |     array    |
|prLam2C_buf5_address0    | out |   10|  ap_memory |  prLam2C_buf5  |     array    |
|prLam2C_buf5_ce0         | out |    1|  ap_memory |  prLam2C_buf5  |     array    |
|prLam2C_buf5_we0         | out |    1|  ap_memory |  prLam2C_buf5  |     array    |
|prLam2C_buf5_d0          | out |   16|  ap_memory |  prLam2C_buf5  |     array    |
|prLam2C_buf5_q0          |  in |   16|  ap_memory |  prLam2C_buf5  |     array    |
|prLamB_buf5_address0     | out |   10|  ap_memory |   prLamB_buf5  |     array    |
|prLamB_buf5_ce0          | out |    1|  ap_memory |   prLamB_buf5  |     array    |
|prLamB_buf5_we0          | out |    1|  ap_memory |   prLamB_buf5  |     array    |
|prLamB_buf5_d0           | out |   16|  ap_memory |   prLamB_buf5  |     array    |
|prLamB_buf5_q0           |  in |   16|  ap_memory |   prLamB_buf5  |     array    |
|prLamB_buf5a_address0    | out |   10|  ap_memory |  prLamB_buf5a  |     array    |
|prLamB_buf5a_ce0         | out |    1|  ap_memory |  prLamB_buf5a  |     array    |
|prLamB_buf5a_we0         | out |    1|  ap_memory |  prLamB_buf5a  |     array    |
|prLamB_buf5a_d0          | out |   16|  ap_memory |  prLamB_buf5a  |     array    |
|prLamB_buf5a_q0          |  in |   16|  ap_memory |  prLamB_buf5a  |     array    |
|prLamC_buf6_address0     | out |   10|  ap_memory |   prLamC_buf6  |     array    |
|prLamC_buf6_ce0          | out |    1|  ap_memory |   prLamC_buf6  |     array    |
|prLamC_buf6_we0          | out |    1|  ap_memory |   prLamC_buf6  |     array    |
|prLamC_buf6_d0           | out |   16|  ap_memory |   prLamC_buf6  |     array    |
|prLamC_buf6_q0           |  in |   16|  ap_memory |   prLamC_buf6  |     array    |
|prLam2B_buf5_address0    | out |   10|  ap_memory |  prLam2B_buf5  |     array    |
|prLam2B_buf5_ce0         | out |    1|  ap_memory |  prLam2B_buf5  |     array    |
|prLam2B_buf5_we0         | out |    1|  ap_memory |  prLam2B_buf5  |     array    |
|prLam2B_buf5_d0          | out |   16|  ap_memory |  prLam2B_buf5  |     array    |
|prLam2B_buf5_q0          |  in |   16|  ap_memory |  prLam2B_buf5  |     array    |
|prLam2B_buf5a_address0   | out |   10|  ap_memory |  prLam2B_buf5a |     array    |
|prLam2B_buf5a_ce0        | out |    1|  ap_memory |  prLam2B_buf5a |     array    |
|prLam2B_buf5a_we0        | out |    1|  ap_memory |  prLam2B_buf5a |     array    |
|prLam2B_buf5a_d0         | out |   16|  ap_memory |  prLam2B_buf5a |     array    |
|prLam2B_buf5a_q0         |  in |   16|  ap_memory |  prLam2B_buf5a |     array    |
|prLam2C_buf6_address0    | out |   10|  ap_memory |  prLam2C_buf6  |     array    |
|prLam2C_buf6_ce0         | out |    1|  ap_memory |  prLam2C_buf6  |     array    |
|prLam2C_buf6_we0         | out |    1|  ap_memory |  prLam2C_buf6  |     array    |
|prLam2C_buf6_d0          | out |   16|  ap_memory |  prLam2C_buf6  |     array    |
|prLam2C_buf6_q0          |  in |   16|  ap_memory |  prLam2C_buf6  |     array    |
|prLamB_buf6_address0     | out |   10|  ap_memory |   prLamB_buf6  |     array    |
|prLamB_buf6_ce0          | out |    1|  ap_memory |   prLamB_buf6  |     array    |
|prLamB_buf6_we0          | out |    1|  ap_memory |   prLamB_buf6  |     array    |
|prLamB_buf6_d0           | out |   16|  ap_memory |   prLamB_buf6  |     array    |
|prLamB_buf6_q0           |  in |   16|  ap_memory |   prLamB_buf6  |     array    |
|prLam2B_buf6_address0    | out |   10|  ap_memory |  prLam2B_buf6  |     array    |
|prLam2B_buf6_ce0         | out |    1|  ap_memory |  prLam2B_buf6  |     array    |
|prLam2B_buf6_we0         | out |    1|  ap_memory |  prLam2B_buf6  |     array    |
|prLam2B_buf6_d0          | out |   16|  ap_memory |  prLam2B_buf6  |     array    |
|prLam2B_buf6_q0          |  in |   16|  ap_memory |  prLam2B_buf6  |     array    |
|prLamB_buf7_address0     | out |   10|  ap_memory |   prLamB_buf7  |     array    |
|prLamB_buf7_ce0          | out |    1|  ap_memory |   prLamB_buf7  |     array    |
|prLamB_buf7_we0          | out |    1|  ap_memory |   prLamB_buf7  |     array    |
|prLamB_buf7_d0           | out |   16|  ap_memory |   prLamB_buf7  |     array    |
|prLamB_buf7_q0           |  in |   16|  ap_memory |   prLamB_buf7  |     array    |
|prLamB_buf7a_address0    | out |   10|  ap_memory |  prLamB_buf7a  |     array    |
|prLamB_buf7a_ce0         | out |    1|  ap_memory |  prLamB_buf7a  |     array    |
|prLamB_buf7a_we0         | out |    1|  ap_memory |  prLamB_buf7a  |     array    |
|prLamB_buf7a_d0          | out |   16|  ap_memory |  prLamB_buf7a  |     array    |
|prLamB_buf7a_q0          |  in |   16|  ap_memory |  prLamB_buf7a  |     array    |
|prLamC_buf7_address0     | out |   10|  ap_memory |   prLamC_buf7  |     array    |
|prLamC_buf7_ce0          | out |    1|  ap_memory |   prLamC_buf7  |     array    |
|prLamC_buf7_we0          | out |    1|  ap_memory |   prLamC_buf7  |     array    |
|prLamC_buf7_d0           | out |   16|  ap_memory |   prLamC_buf7  |     array    |
|prLamC_buf7_q0           |  in |   16|  ap_memory |   prLamC_buf7  |     array    |
|prLam2B_buf7_address0    | out |   10|  ap_memory |  prLam2B_buf7  |     array    |
|prLam2B_buf7_ce0         | out |    1|  ap_memory |  prLam2B_buf7  |     array    |
|prLam2B_buf7_we0         | out |    1|  ap_memory |  prLam2B_buf7  |     array    |
|prLam2B_buf7_d0          | out |   16|  ap_memory |  prLam2B_buf7  |     array    |
|prLam2B_buf7_q0          |  in |   16|  ap_memory |  prLam2B_buf7  |     array    |
|prLam2B_buf7a_address0   | out |   10|  ap_memory |  prLam2B_buf7a |     array    |
|prLam2B_buf7a_ce0        | out |    1|  ap_memory |  prLam2B_buf7a |     array    |
|prLam2B_buf7a_we0        | out |    1|  ap_memory |  prLam2B_buf7a |     array    |
|prLam2B_buf7a_d0         | out |   16|  ap_memory |  prLam2B_buf7a |     array    |
|prLam2B_buf7a_q0         |  in |   16|  ap_memory |  prLam2B_buf7a |     array    |
|prLam2C_buf7_address0    | out |   10|  ap_memory |  prLam2C_buf7  |     array    |
|prLam2C_buf7_ce0         | out |    1|  ap_memory |  prLam2C_buf7  |     array    |
|prLam2C_buf7_we0         | out |    1|  ap_memory |  prLam2C_buf7  |     array    |
|prLam2C_buf7_d0          | out |   16|  ap_memory |  prLam2C_buf7  |     array    |
|prLam2C_buf7_q0          |  in |   16|  ap_memory |  prLam2C_buf7  |     array    |
|prLamB_buf9a_address0    | out |   10|  ap_memory |  prLamB_buf9a  |     array    |
|prLamB_buf9a_ce0         | out |    1|  ap_memory |  prLamB_buf9a  |     array    |
|prLamB_buf9a_we0         | out |    1|  ap_memory |  prLamB_buf9a  |     array    |
|prLamB_buf9a_d0          | out |   16|  ap_memory |  prLamB_buf9a  |     array    |
|prLamB_buf9a_q0          |  in |   16|  ap_memory |  prLamB_buf9a  |     array    |
|prLamB_buf10_address0    | out |   10|  ap_memory |  prLamB_buf10  |     array    |
|prLamB_buf10_ce0         | out |    1|  ap_memory |  prLamB_buf10  |     array    |
|prLamB_buf10_we0         | out |    1|  ap_memory |  prLamB_buf10  |     array    |
|prLamB_buf10_d0          | out |   16|  ap_memory |  prLamB_buf10  |     array    |
|prLamB_buf10_q0          |  in |   16|  ap_memory |  prLamB_buf10  |     array    |
|prLamB_buf9_address0     | out |   10|  ap_memory |   prLamB_buf9  |     array    |
|prLamB_buf9_ce0          | out |    1|  ap_memory |   prLamB_buf9  |     array    |
|prLamB_buf9_we0          | out |    1|  ap_memory |   prLamB_buf9  |     array    |
|prLamB_buf9_d0           | out |   16|  ap_memory |   prLamB_buf9  |     array    |
|prLamB_buf9_q0           |  in |   16|  ap_memory |   prLamB_buf9  |     array    |
|prLamC_buf10_address0    | out |   10|  ap_memory |  prLamC_buf10  |     array    |
|prLamC_buf10_ce0         | out |    1|  ap_memory |  prLamC_buf10  |     array    |
|prLamC_buf10_we0         | out |    1|  ap_memory |  prLamC_buf10  |     array    |
|prLamC_buf10_d0          | out |   16|  ap_memory |  prLamC_buf10  |     array    |
|prLamC_buf10_q0          |  in |   16|  ap_memory |  prLamC_buf10  |     array    |
|prLamC_buf10a_address0   | out |   10|  ap_memory |  prLamC_buf10a |     array    |
|prLamC_buf10a_ce0        | out |    1|  ap_memory |  prLamC_buf10a |     array    |
|prLamC_buf10a_we0        | out |    1|  ap_memory |  prLamC_buf10a |     array    |
|prLamC_buf10a_d0         | out |   16|  ap_memory |  prLamC_buf10a |     array    |
|prLamC_buf10a_q0         |  in |   16|  ap_memory |  prLamC_buf10a |     array    |
|prLamC_buf10b_address0   | out |   10|  ap_memory |  prLamC_buf10b |     array    |
|prLamC_buf10b_ce0        | out |    1|  ap_memory |  prLamC_buf10b |     array    |
|prLamC_buf10b_we0        | out |    1|  ap_memory |  prLamC_buf10b |     array    |
|prLamC_buf10b_d0         | out |   16|  ap_memory |  prLamC_buf10b |     array    |
|prLamC_buf10b_q0         |  in |   16|  ap_memory |  prLamC_buf10b |     array    |
|prLam2B_buf9a_address0   | out |   10|  ap_memory |  prLam2B_buf9a |     array    |
|prLam2B_buf9a_ce0        | out |    1|  ap_memory |  prLam2B_buf9a |     array    |
|prLam2B_buf9a_we0        | out |    1|  ap_memory |  prLam2B_buf9a |     array    |
|prLam2B_buf9a_d0         | out |   16|  ap_memory |  prLam2B_buf9a |     array    |
|prLam2B_buf9a_q0         |  in |   16|  ap_memory |  prLam2B_buf9a |     array    |
|prLam2B_buf10_address0   | out |   10|  ap_memory |  prLam2B_buf10 |     array    |
|prLam2B_buf10_ce0        | out |    1|  ap_memory |  prLam2B_buf10 |     array    |
|prLam2B_buf10_we0        | out |    1|  ap_memory |  prLam2B_buf10 |     array    |
|prLam2B_buf10_d0         | out |   16|  ap_memory |  prLam2B_buf10 |     array    |
|prLam2B_buf10_q0         |  in |   16|  ap_memory |  prLam2B_buf10 |     array    |
|prLam2B_buf9_address0    | out |   10|  ap_memory |  prLam2B_buf9  |     array    |
|prLam2B_buf9_ce0         | out |    1|  ap_memory |  prLam2B_buf9  |     array    |
|prLam2B_buf9_we0         | out |    1|  ap_memory |  prLam2B_buf9  |     array    |
|prLam2B_buf9_d0          | out |   16|  ap_memory |  prLam2B_buf9  |     array    |
|prLam2B_buf9_q0          |  in |   16|  ap_memory |  prLam2B_buf9  |     array    |
|prLam2C_buf10_address0   | out |   10|  ap_memory |  prLam2C_buf10 |     array    |
|prLam2C_buf10_ce0        | out |    1|  ap_memory |  prLam2C_buf10 |     array    |
|prLam2C_buf10_we0        | out |    1|  ap_memory |  prLam2C_buf10 |     array    |
|prLam2C_buf10_d0         | out |   16|  ap_memory |  prLam2C_buf10 |     array    |
|prLam2C_buf10_q0         |  in |   16|  ap_memory |  prLam2C_buf10 |     array    |
|prLam2C_buf10a_address0  | out |   10|  ap_memory | prLam2C_buf10a |     array    |
|prLam2C_buf10a_ce0       | out |    1|  ap_memory | prLam2C_buf10a |     array    |
|prLam2C_buf10a_we0       | out |    1|  ap_memory | prLam2C_buf10a |     array    |
|prLam2C_buf10a_d0        | out |   16|  ap_memory | prLam2C_buf10a |     array    |
|prLam2C_buf10a_q0        |  in |   16|  ap_memory | prLam2C_buf10a |     array    |
|prLam2C_buf10b_address0  | out |   10|  ap_memory | prLam2C_buf10b |     array    |
|prLam2C_buf10b_ce0       | out |    1|  ap_memory | prLam2C_buf10b |     array    |
|prLam2C_buf10b_we0       | out |    1|  ap_memory | prLam2C_buf10b |     array    |
|prLam2C_buf10b_d0        | out |   16|  ap_memory | prLam2C_buf10b |     array    |
|prLam2C_buf10b_q0        |  in |   16|  ap_memory | prLam2C_buf10b |     array    |
|Lam_bufAa_address0       | out |   10|  ap_memory |    Lam_bufAa   |     array    |
|Lam_bufAa_ce0            | out |    1|  ap_memory |    Lam_bufAa   |     array    |
|Lam_bufAa_we0            | out |    1|  ap_memory |    Lam_bufAa   |     array    |
|Lam_bufAa_d0             | out |   16|  ap_memory |    Lam_bufAa   |     array    |
|Lam_bufB_address0        | out |   10|  ap_memory |    Lam_bufB    |     array    |
|Lam_bufB_ce0             | out |    1|  ap_memory |    Lam_bufB    |     array    |
|Lam_bufB_we0             | out |    1|  ap_memory |    Lam_bufB    |     array    |
|Lam_bufB_d0              | out |   16|  ap_memory |    Lam_bufB    |     array    |
|Lam_bufA1_address0       | out |   10|  ap_memory |    Lam_bufA1   |     array    |
|Lam_bufA1_ce0            | out |    1|  ap_memory |    Lam_bufA1   |     array    |
|Lam_bufA1_we0            | out |    1|  ap_memory |    Lam_bufA1   |     array    |
|Lam_bufA1_d0             | out |   16|  ap_memory |    Lam_bufA1   |     array    |
|Lam_bufB1a_address0      | out |   10|  ap_memory |   Lam_bufB1a   |     array    |
|Lam_bufB1a_ce0           | out |    1|  ap_memory |   Lam_bufB1a   |     array    |
|Lam_bufB1a_we0           | out |    1|  ap_memory |   Lam_bufB1a   |     array    |
|Lam_bufB1a_d0            | out |   16|  ap_memory |   Lam_bufB1a   |     array    |
|Lam_bufB1b_address0      | out |   10|  ap_memory |   Lam_bufB1b   |     array    |
|Lam_bufB1b_ce0           | out |    1|  ap_memory |   Lam_bufB1b   |     array    |
|Lam_bufB1b_we0           | out |    1|  ap_memory |   Lam_bufB1b   |     array    |
|Lam_bufB1b_d0            | out |   16|  ap_memory |   Lam_bufB1b   |     array    |
|Lam_buf2_address0        | out |   10|  ap_memory |    Lam_buf2    |     array    |
|Lam_buf2_ce0             | out |    1|  ap_memory |    Lam_buf2    |     array    |
|Lam_buf2_we0             | out |    1|  ap_memory |    Lam_buf2    |     array    |
|Lam_buf2_d0              | out |   16|  ap_memory |    Lam_buf2    |     array    |
|Lam_bufA3_address0       | out |   10|  ap_memory |    Lam_bufA3   |     array    |
|Lam_bufA3_ce0            | out |    1|  ap_memory |    Lam_bufA3   |     array    |
|Lam_bufA3_we0            | out |    1|  ap_memory |    Lam_bufA3   |     array    |
|Lam_bufA3_d0             | out |   16|  ap_memory |    Lam_bufA3   |     array    |
|Lam_bufB3a_address0      | out |   10|  ap_memory |   Lam_bufB3a   |     array    |
|Lam_bufB3a_ce0           | out |    1|  ap_memory |   Lam_bufB3a   |     array    |
|Lam_bufB3a_we0           | out |    1|  ap_memory |   Lam_bufB3a   |     array    |
|Lam_bufB3a_d0            | out |   16|  ap_memory |   Lam_bufB3a   |     array    |
|Lam_bufB3b_address0      | out |   10|  ap_memory |   Lam_bufB3b   |     array    |
|Lam_bufB3b_ce0           | out |    1|  ap_memory |   Lam_bufB3b   |     array    |
|Lam_bufB3b_we0           | out |    1|  ap_memory |   Lam_bufB3b   |     array    |
|Lam_bufB3b_d0            | out |   16|  ap_memory |   Lam_bufB3b   |     array    |
|Lam_buf4_address0        | out |   10|  ap_memory |    Lam_buf4    |     array    |
|Lam_buf4_ce0             | out |    1|  ap_memory |    Lam_buf4    |     array    |
|Lam_buf4_we0             | out |    1|  ap_memory |    Lam_buf4    |     array    |
|Lam_buf4_d0              | out |   16|  ap_memory |    Lam_buf4    |     array    |
|Lam_buf4a_address0       | out |   10|  ap_memory |    Lam_buf4a   |     array    |
|Lam_buf4a_ce0            | out |    1|  ap_memory |    Lam_buf4a   |     array    |
|Lam_buf4a_we0            | out |    1|  ap_memory |    Lam_buf4a   |     array    |
|Lam_buf4a_d0             | out |   16|  ap_memory |    Lam_buf4a   |     array    |
|Lam_bufA4a_address0      | out |   10|  ap_memory |   Lam_bufA4a   |     array    |
|Lam_bufA4a_ce0           | out |    1|  ap_memory |   Lam_bufA4a   |     array    |
|Lam_bufA4a_we0           | out |    1|  ap_memory |   Lam_bufA4a   |     array    |
|Lam_bufA4a_d0            | out |   16|  ap_memory |   Lam_bufA4a   |     array    |
|Lam_bufA4b_address0      | out |   10|  ap_memory |   Lam_bufA4b   |     array    |
|Lam_bufA4b_ce0           | out |    1|  ap_memory |   Lam_bufA4b   |     array    |
|Lam_bufA4b_we0           | out |    1|  ap_memory |   Lam_bufA4b   |     array    |
|Lam_bufA4b_d0            | out |   16|  ap_memory |   Lam_bufA4b   |     array    |
|Lam_bufA4c_address0      | out |   10|  ap_memory |   Lam_bufA4c   |     array    |
|Lam_bufA4c_ce0           | out |    1|  ap_memory |   Lam_bufA4c   |     array    |
|Lam_bufA4c_we0           | out |    1|  ap_memory |   Lam_bufA4c   |     array    |
|Lam_bufA4c_d0            | out |   16|  ap_memory |   Lam_bufA4c   |     array    |
|Lam_bufB4_address0       | out |   10|  ap_memory |    Lam_bufB4   |     array    |
|Lam_bufB4_ce0            | out |    1|  ap_memory |    Lam_bufB4   |     array    |
|Lam_bufB4_we0            | out |    1|  ap_memory |    Lam_bufB4   |     array    |
|Lam_bufB4_d0             | out |   16|  ap_memory |    Lam_bufB4   |     array    |
|Lam_bufB6_address0       | out |   10|  ap_memory |    Lam_bufB6   |     array    |
|Lam_bufB6_ce0            | out |    1|  ap_memory |    Lam_bufB6   |     array    |
|Lam_bufB6_we0            | out |    1|  ap_memory |    Lam_bufB6   |     array    |
|Lam_bufB6_d0             | out |   16|  ap_memory |    Lam_bufB6   |     array    |
|Lam_bufAb_address0       | out |   10|  ap_memory |    Lam_bufAb   |     array    |
|Lam_bufAb_ce0            | out |    1|  ap_memory |    Lam_bufAb   |     array    |
|Lam_bufAb_we0            | out |    1|  ap_memory |    Lam_bufAb   |     array    |
|Lam_bufAb_d0             | out |   16|  ap_memory |    Lam_bufAb   |     array    |
|Lam_bufAc_address0       | out |   10|  ap_memory |    Lam_bufAc   |     array    |
|Lam_bufAc_ce0            | out |    1|  ap_memory |    Lam_bufAc   |     array    |
|Lam_bufAc_we0            | out |    1|  ap_memory |    Lam_bufAc   |     array    |
|Lam_bufAc_d0             | out |   16|  ap_memory |    Lam_bufAc   |     array    |
|Lam_bufB7a_address0      | out |   10|  ap_memory |   Lam_bufB7a   |     array    |
|Lam_bufB7a_ce0           | out |    1|  ap_memory |   Lam_bufB7a   |     array    |
|Lam_bufB7a_we0           | out |    1|  ap_memory |   Lam_bufB7a   |     array    |
|Lam_bufB7a_d0            | out |   16|  ap_memory |   Lam_bufB7a   |     array    |
|Lam_bufB7b_address0      | out |   10|  ap_memory |   Lam_bufB7b   |     array    |
|Lam_bufB7b_ce0           | out |    1|  ap_memory |   Lam_bufB7b   |     array    |
|Lam_bufB7b_we0           | out |    1|  ap_memory |   Lam_bufB7b   |     array    |
|Lam_bufB7b_d0            | out |   16|  ap_memory |   Lam_bufB7b   |     array    |
|Lam_buf8_address0        | out |   10|  ap_memory |    Lam_buf8    |     array    |
|Lam_buf8_ce0             | out |    1|  ap_memory |    Lam_buf8    |     array    |
|Lam_buf8_we0             | out |    1|  ap_memory |    Lam_buf8    |     array    |
|Lam_buf8_d0              | out |   16|  ap_memory |    Lam_buf8    |     array    |
|Lam_bufA2a_address0      | out |   10|  ap_memory |   Lam_bufA2a   |     array    |
|Lam_bufA2a_ce0           | out |    1|  ap_memory |   Lam_bufA2a   |     array    |
|Lam_bufA2a_we0           | out |    1|  ap_memory |   Lam_bufA2a   |     array    |
|Lam_bufA2a_d0            | out |   16|  ap_memory |   Lam_bufA2a   |     array    |
|Lam_bufB9a_address0      | out |   10|  ap_memory |   Lam_bufB9a   |     array    |
|Lam_bufB9a_ce0           | out |    1|  ap_memory |   Lam_bufB9a   |     array    |
|Lam_bufB9a_we0           | out |    1|  ap_memory |   Lam_bufB9a   |     array    |
|Lam_bufB9a_d0            | out |   16|  ap_memory |   Lam_bufB9a   |     array    |
|Lam_bufB9b_address0      | out |   10|  ap_memory |   Lam_bufB9b   |     array    |
|Lam_bufB9b_ce0           | out |    1|  ap_memory |   Lam_bufB9b   |     array    |
|Lam_bufB9b_we0           | out |    1|  ap_memory |   Lam_bufB9b   |     array    |
|Lam_bufB9b_d0            | out |   16|  ap_memory |   Lam_bufB9b   |     array    |
|Lam_buf6_address0        | out |   10|  ap_memory |    Lam_buf6    |     array    |
|Lam_buf6_ce0             | out |    1|  ap_memory |    Lam_buf6    |     array    |
|Lam_buf6_we0             | out |    1|  ap_memory |    Lam_buf6    |     array    |
|Lam_buf6_d0              | out |   16|  ap_memory |    Lam_buf6    |     array    |
|Lam_buf6a_address0       | out |   10|  ap_memory |    Lam_buf6a   |     array    |
|Lam_buf6a_ce0            | out |    1|  ap_memory |    Lam_buf6a   |     array    |
|Lam_buf6a_we0            | out |    1|  ap_memory |    Lam_buf6a   |     array    |
|Lam_buf6a_d0             | out |   16|  ap_memory |    Lam_buf6a   |     array    |
|Lam_bufA6_address0       | out |   10|  ap_memory |    Lam_bufA6   |     array    |
|Lam_bufA6_ce0            | out |    1|  ap_memory |    Lam_bufA6   |     array    |
|Lam_bufA6_we0            | out |    1|  ap_memory |    Lam_bufA6   |     array    |
|Lam_bufA6_d0             | out |   16|  ap_memory |    Lam_bufA6   |     array    |
|Lam_bufA6b_address0      | out |   10|  ap_memory |   Lam_bufA6b   |     array    |
|Lam_bufA6b_ce0           | out |    1|  ap_memory |   Lam_bufA6b   |     array    |
|Lam_bufA6b_we0           | out |    1|  ap_memory |   Lam_bufA6b   |     array    |
|Lam_bufA6b_d0            | out |   16|  ap_memory |   Lam_bufA6b   |     array    |
|Lam_bufA6c_address0      | out |   10|  ap_memory |   Lam_bufA6c   |     array    |
|Lam_bufA6c_ce0           | out |    1|  ap_memory |   Lam_bufA6c   |     array    |
|Lam_bufA6c_we0           | out |    1|  ap_memory |   Lam_bufA6c   |     array    |
|Lam_bufA6c_d0            | out |   16|  ap_memory |   Lam_bufA6c   |     array    |
|Lam_bufB10_address0      | out |   10|  ap_memory |   Lam_bufB10   |     array    |
|Lam_bufB10_ce0           | out |    1|  ap_memory |   Lam_bufB10   |     array    |
|Lam_bufB10_we0           | out |    1|  ap_memory |   Lam_bufB10   |     array    |
|Lam_bufB10_d0            | out |   16|  ap_memory |   Lam_bufB10   |     array    |
|prHat_buf_address1       | out |   11|  ap_memory |    prHat_buf   |     array    |
|prHat_buf_ce1            | out |    1|  ap_memory |    prHat_buf   |     array    |
|prHat_buf_we1            | out |    1|  ap_memory |    prHat_buf   |     array    |
|prHat_buf_d1             | out |    1|  ap_memory |    prHat_buf   |     array    |
|prHat_bufA_address1      | out |   11|  ap_memory |   prHat_bufA   |     array    |
|prHat_bufA_ce1           | out |    1|  ap_memory |   prHat_bufA   |     array    |
|prHat_bufA_we1           | out |    1|  ap_memory |   prHat_bufA   |     array    |
|prHat_bufA_d1            | out |    1|  ap_memory |   prHat_bufA   |     array    |
|prHat_bufAa_address1     | out |   11|  ap_memory |   prHat_bufAa  |     array    |
|prHat_bufAa_ce1          | out |    1|  ap_memory |   prHat_bufAa  |     array    |
|prHat_bufAa_we1          | out |    1|  ap_memory |   prHat_bufAa  |     array    |
|prHat_bufAa_d1           | out |    1|  ap_memory |   prHat_bufAa  |     array    |
|prHat_bufAb_address1     | out |   11|  ap_memory |   prHat_bufAb  |     array    |
|prHat_bufAb_ce1          | out |    1|  ap_memory |   prHat_bufAb  |     array    |
|prHat_bufAb_we1          | out |    1|  ap_memory |   prHat_bufAb  |     array    |
|prHat_bufAb_d1           | out |    1|  ap_memory |   prHat_bufAb  |     array    |
|prHat_bufAc_address1     | out |   11|  ap_memory |   prHat_bufAc  |     array    |
|prHat_bufAc_ce1          | out |    1|  ap_memory |   prHat_bufAc  |     array    |
|prHat_bufAc_we1          | out |    1|  ap_memory |   prHat_bufAc  |     array    |
|prHat_bufAc_d1           | out |    1|  ap_memory |   prHat_bufAc  |     array    |
|prHat_bufB_address1      | out |   11|  ap_memory |   prHat_bufB   |     array    |
|prHat_bufB_ce1           | out |    1|  ap_memory |   prHat_bufB   |     array    |
|prHat_bufB_we1           | out |    1|  ap_memory |   prHat_bufB   |     array    |
|prHat_bufB_d1            | out |    1|  ap_memory |   prHat_bufB   |     array    |
|prHat_buf1_address1      | out |   11|  ap_memory |   prHat_buf1   |     array    |
|prHat_buf1_ce1           | out |    1|  ap_memory |   prHat_buf1   |     array    |
|prHat_buf1_we1           | out |    1|  ap_memory |   prHat_buf1   |     array    |
|prHat_buf1_d1            | out |    1|  ap_memory |   prHat_buf1   |     array    |
|prHat_bufA1_address1     | out |   11|  ap_memory |   prHat_bufA1  |     array    |
|prHat_bufA1_ce1          | out |    1|  ap_memory |   prHat_bufA1  |     array    |
|prHat_bufA1_we1          | out |    1|  ap_memory |   prHat_bufA1  |     array    |
|prHat_bufA1_d1           | out |    1|  ap_memory |   prHat_bufA1  |     array    |
|prHat_bufB1_address1     | out |   11|  ap_memory |   prHat_bufB1  |     array    |
|prHat_bufB1_ce1          | out |    1|  ap_memory |   prHat_bufB1  |     array    |
|prHat_bufB1_we1          | out |    1|  ap_memory |   prHat_bufB1  |     array    |
|prHat_bufB1_d1           | out |    1|  ap_memory |   prHat_bufB1  |     array    |
|prHat_bufB1a_address1    | out |   11|  ap_memory |  prHat_bufB1a  |     array    |
|prHat_bufB1a_ce1         | out |    1|  ap_memory |  prHat_bufB1a  |     array    |
|prHat_bufB1a_we1         | out |    1|  ap_memory |  prHat_bufB1a  |     array    |
|prHat_bufB1a_d1          | out |    1|  ap_memory |  prHat_bufB1a  |     array    |
|prHat_bufB1b_address1    | out |   11|  ap_memory |  prHat_bufB1b  |     array    |
|prHat_bufB1b_ce1         | out |    1|  ap_memory |  prHat_bufB1b  |     array    |
|prHat_bufB1b_we1         | out |    1|  ap_memory |  prHat_bufB1b  |     array    |
|prHat_bufB1b_d1          | out |    1|  ap_memory |  prHat_bufB1b  |     array    |
|prHat_bufB1c_address1    | out |   11|  ap_memory |  prHat_bufB1c  |     array    |
|prHat_bufB1c_ce1         | out |    1|  ap_memory |  prHat_bufB1c  |     array    |
|prHat_bufB1c_we1         | out |    1|  ap_memory |  prHat_bufB1c  |     array    |
|prHat_bufB1c_d1          | out |    1|  ap_memory |  prHat_bufB1c  |     array    |
|prHat_buf2_address1      | out |   11|  ap_memory |   prHat_buf2   |     array    |
|prHat_buf2_ce1           | out |    1|  ap_memory |   prHat_buf2   |     array    |
|prHat_buf2_we1           | out |    1|  ap_memory |   prHat_buf2   |     array    |
|prHat_buf2_d1            | out |    1|  ap_memory |   prHat_buf2   |     array    |
|prHat_bufA2_address1     | out |   11|  ap_memory |   prHat_bufA2  |     array    |
|prHat_bufA2_ce1          | out |    1|  ap_memory |   prHat_bufA2  |     array    |
|prHat_bufA2_we1          | out |    1|  ap_memory |   prHat_bufA2  |     array    |
|prHat_bufA2_d1           | out |    1|  ap_memory |   prHat_bufA2  |     array    |
|prHat_bufA2a_address1    | out |   11|  ap_memory |  prHat_bufA2a  |     array    |
|prHat_bufA2a_ce1         | out |    1|  ap_memory |  prHat_bufA2a  |     array    |
|prHat_bufA2a_we1         | out |    1|  ap_memory |  prHat_bufA2a  |     array    |
|prHat_bufA2a_d1          | out |    1|  ap_memory |  prHat_bufA2a  |     array    |
|prHat_bufA2b_address1    | out |   11|  ap_memory |  prHat_bufA2b  |     array    |
|prHat_bufA2b_ce1         | out |    1|  ap_memory |  prHat_bufA2b  |     array    |
|prHat_bufA2b_we1         | out |    1|  ap_memory |  prHat_bufA2b  |     array    |
|prHat_bufA2b_d1          | out |    1|  ap_memory |  prHat_bufA2b  |     array    |
|prHat_bufA2c_address1    | out |   11|  ap_memory |  prHat_bufA2c  |     array    |
|prHat_bufA2c_ce1         | out |    1|  ap_memory |  prHat_bufA2c  |     array    |
|prHat_bufA2c_we1         | out |    1|  ap_memory |  prHat_bufA2c  |     array    |
|prHat_bufA2c_d1          | out |    1|  ap_memory |  prHat_bufA2c  |     array    |
|prHat_bufB2_address1     | out |   11|  ap_memory |   prHat_bufB2  |     array    |
|prHat_bufB2_ce1          | out |    1|  ap_memory |   prHat_bufB2  |     array    |
|prHat_bufB2_we1          | out |    1|  ap_memory |   prHat_bufB2  |     array    |
|prHat_bufB2_d1           | out |    1|  ap_memory |   prHat_bufB2  |     array    |
|prHat_buf3_address1      | out |   11|  ap_memory |   prHat_buf3   |     array    |
|prHat_buf3_ce1           | out |    1|  ap_memory |   prHat_buf3   |     array    |
|prHat_buf3_we1           | out |    1|  ap_memory |   prHat_buf3   |     array    |
|prHat_buf3_d1            | out |    1|  ap_memory |   prHat_buf3   |     array    |
|prHat_bufA3_address1     | out |   11|  ap_memory |   prHat_bufA3  |     array    |
|prHat_bufA3_ce1          | out |    1|  ap_memory |   prHat_bufA3  |     array    |
|prHat_bufA3_we1          | out |    1|  ap_memory |   prHat_bufA3  |     array    |
|prHat_bufA3_d1           | out |    1|  ap_memory |   prHat_bufA3  |     array    |
|prHat_bufB3_address1     | out |   11|  ap_memory |   prHat_bufB3  |     array    |
|prHat_bufB3_ce1          | out |    1|  ap_memory |   prHat_bufB3  |     array    |
|prHat_bufB3_we1          | out |    1|  ap_memory |   prHat_bufB3  |     array    |
|prHat_bufB3_d1           | out |    1|  ap_memory |   prHat_bufB3  |     array    |
|prHat_bufB3a_address1    | out |   11|  ap_memory |  prHat_bufB3a  |     array    |
|prHat_bufB3a_ce1         | out |    1|  ap_memory |  prHat_bufB3a  |     array    |
|prHat_bufB3a_we1         | out |    1|  ap_memory |  prHat_bufB3a  |     array    |
|prHat_bufB3a_d1          | out |    1|  ap_memory |  prHat_bufB3a  |     array    |
|prHat_bufB3b_address1    | out |   11|  ap_memory |  prHat_bufB3b  |     array    |
|prHat_bufB3b_ce1         | out |    1|  ap_memory |  prHat_bufB3b  |     array    |
|prHat_bufB3b_we1         | out |    1|  ap_memory |  prHat_bufB3b  |     array    |
|prHat_bufB3b_d1          | out |    1|  ap_memory |  prHat_bufB3b  |     array    |
|prHat_bufB3c_address1    | out |   11|  ap_memory |  prHat_bufB3c  |     array    |
|prHat_bufB3c_ce1         | out |    1|  ap_memory |  prHat_bufB3c  |     array    |
|prHat_bufB3c_we1         | out |    1|  ap_memory |  prHat_bufB3c  |     array    |
|prHat_bufB3c_d1          | out |    1|  ap_memory |  prHat_bufB3c  |     array    |
|prHat_buf4_address1      | out |   11|  ap_memory |   prHat_buf4   |     array    |
|prHat_buf4_ce1           | out |    1|  ap_memory |   prHat_buf4   |     array    |
|prHat_buf4_we1           | out |    1|  ap_memory |   prHat_buf4   |     array    |
|prHat_buf4_d1            | out |    1|  ap_memory |   prHat_buf4   |     array    |
|prHat_buf4a_address1     | out |   11|  ap_memory |   prHat_buf4a  |     array    |
|prHat_buf4a_ce1          | out |    1|  ap_memory |   prHat_buf4a  |     array    |
|prHat_buf4a_we1          | out |    1|  ap_memory |   prHat_buf4a  |     array    |
|prHat_buf4a_d1           | out |    1|  ap_memory |   prHat_buf4a  |     array    |
|prHat_bufA4_address1     | out |   11|  ap_memory |   prHat_bufA4  |     array    |
|prHat_bufA4_ce1          | out |    1|  ap_memory |   prHat_bufA4  |     array    |
|prHat_bufA4_we1          | out |    1|  ap_memory |   prHat_bufA4  |     array    |
|prHat_bufA4_d1           | out |    1|  ap_memory |   prHat_bufA4  |     array    |
|prHat_bufA4a_address1    | out |   11|  ap_memory |  prHat_bufA4a  |     array    |
|prHat_bufA4a_ce1         | out |    1|  ap_memory |  prHat_bufA4a  |     array    |
|prHat_bufA4a_we1         | out |    1|  ap_memory |  prHat_bufA4a  |     array    |
|prHat_bufA4a_d1          | out |    1|  ap_memory |  prHat_bufA4a  |     array    |
|prHat_bufA4b_address1    | out |   11|  ap_memory |  prHat_bufA4b  |     array    |
|prHat_bufA4b_ce1         | out |    1|  ap_memory |  prHat_bufA4b  |     array    |
|prHat_bufA4b_we1         | out |    1|  ap_memory |  prHat_bufA4b  |     array    |
|prHat_bufA4b_d1          | out |    1|  ap_memory |  prHat_bufA4b  |     array    |
|prHat_bufB4_address1     | out |   11|  ap_memory |   prHat_bufB4  |     array    |
|prHat_bufB4_ce1          | out |    1|  ap_memory |   prHat_bufB4  |     array    |
|prHat_bufB4_we1          | out |    1|  ap_memory |   prHat_bufB4  |     array    |
|prHat_bufB4_d1           | out |    1|  ap_memory |   prHat_bufB4  |     array    |
+-------------------------+-----+-----+------------+----------------+--------------+

