

================================================================
== Vivado HLS Report for 'LDPC_Div'
================================================================
* Date:           Fri Mar 15 13:26:12 2019

* Version:        2016.3 (Build 1682563 on Mon Oct 10 19:41:59 MDT 2016)
* Project:        LDPC_CLK_DIV
* Solution:       solution1
* Product family: kintex7
* Target device:  xc7k160tfbg676-1


================================================================
== Performance Estimates
================================================================
+ Timing (ns): 
    * Summary: 
    +--------+-------+----------+------------+
    |  Clock | Target| Estimated| Uncertainty|
    +--------+-------+----------+------------+
    |ap_clk  |  10.00|      5.78|        1.25|
    +--------+-------+----------+------------+

+ Latency (clock cycles): 
    * Summary: 
    +-----+-----+-----+-----+---------+
    |  Latency  |  Interval | Pipeline|
    | min | max | min | max |   Type  |
    +-----+-----+-----+-----+---------+
    |    0|    0|    1|    1|   none  |
    +-----+-----+-----+-----+---------+

    + Detail: 
        * Instance: 
        N/A

        * Loop: 
        N/A



================================================================
== Utilization Estimates
================================================================
* Summary: 
+-----------------+---------+-------+--------+--------+
|       Name      | BRAM_18K| DSP48E|   FF   |   LUT  |
+-----------------+---------+-------+--------+--------+
|DSP              |        -|      -|       -|       -|
|Expression       |        -|      -|       0|     100|
|FIFO             |        -|      -|       -|       -|
|Instance         |        -|      -|       -|       -|
|Memory           |        -|      -|       -|       -|
|Multiplexer      |        -|      -|       -|      34|
|Register         |        -|      -|      39|       -|
+-----------------+---------+-------+--------+--------+
|Total            |        0|      0|      39|     134|
+-----------------+---------+-------+--------+--------+
|Available        |      650|    600|  202800|  101400|
+-----------------+---------+-------+--------+--------+
|Utilization (%)  |        0|      0|   ~0   |   ~0   |
+-----------------+---------+-------+--------+--------+

+ Detail: 
    * Instance: 
    N/A

    * DSP48: 
    N/A

    * Memory: 
    N/A

    * FIFO: 
    N/A

    * Expression: 
    +--------------------------------+----------+-------+---+----+------------+------------+
    |          Variable Name         | Operation| DSP48E| FF| LUT| Bitwidth P0| Bitwidth P1|
    +--------------------------------+----------+-------+---+----+------------+------------+
    |count_load_op_fu_158_p2         |     +    |      0|  0|  16|          16|           1|
    |tmp_5_fu_191_p2                 |     +    |      0|  0|  16|          16|           1|
    |or_cond_fu_185_p2               |    and   |      0|  0|   1|           1|           1|
    |tmp_1_fu_138_p2                 |   icmp   |      0|  0|   1|           2|           1|
    |tmp_3_fu_173_p2                 |   icmp   |      0|  0|   6|          16|          16|
    |tmp_4_fu_179_p2                 |   icmp   |      0|  0|   6|          16|          16|
    |tmp_fu_111_p2                   |   icmp   |      0|  0|   6|          16|          16|
    |or_cond3_fu_117_p2              |    or    |      0|  0|   1|           1|           1|
    |out_count_load_s_fu_130_p3      |  select  |      0|  0|  16|           1|          16|
    |storemerge_cast_cast_fu_144_p3  |  select  |      0|  0|  13|           1|          11|
    |tmp_2_fu_164_p3                 |  select  |      0|  0|  16|           1|          16|
    |not_or_cond3_fu_123_p2          |    xor   |      0|  0|   2|           1|           2|
    +--------------------------------+----------+-------+---+----+------------+------------+
    |Total                           |          |      0|  0| 100|          88|          98|
    +--------------------------------+----------+-------+---+----+------------+------------+

    * Multiplexer: 
    +-------------------------------+----+-----------+-----+-----------+
    |              Name             | LUT| Input Size| Bits| Total Bits|
    +-------------------------------+----+-----------+-----+-----------+
    |count_new_phi_fu_92_p4         |  16|          3|   16|         48|
    |out_count_flag_1_phi_fu_72_p4  |   1|          3|    1|          3|
    |out_count_new_1_phi_fu_82_p4   |  16|          3|   16|         48|
    |rd_clk_out                     |   1|          3|    1|          3|
    +-------------------------------+----+-----------+-----+-----------+
    |Total                          |  34|         12|   34|        102|
    +-------------------------------+----+-----------+-----+-----------+

    * Register: 
    +-----------+----+----+-----+-----------+
    |    Name   | FF | LUT| Bits| Const Bits|
    +-----------+----+----+-----+-----------+
    |ap_CS_fsm  |   1|   0|    1|          0|
    |count      |  16|   0|   16|          0|
    |max        |   6|   0|   16|         10|
    |out_count  |  16|   0|   16|          0|
    +-----------+----+----+-----+-----------+
    |Total      |  39|   0|   49|         10|
    +-----------+----+----+-----+-----------+



================================================================
== Interface
================================================================
* Summary: 
+-------------------+-----+-----+------------+--------------+--------------+
|     RTL Ports     | Dir | Bits|  Protocol  | Source Object|    C Type    |
+-------------------+-----+-----+------------+--------------+--------------+
|ap_clk             |  in |    1| ap_ctrl_hs |   LDPC_Div   | return value |
|ap_rst             |  in |    1| ap_ctrl_hs |   LDPC_Div   | return value |
|ap_start           |  in |    1| ap_ctrl_hs |   LDPC_Div   | return value |
|ap_done            | out |    1| ap_ctrl_hs |   LDPC_Div   | return value |
|ap_idle            | out |    1| ap_ctrl_hs |   LDPC_Div   | return value |
|ap_ready           | out |    1| ap_ctrl_hs |   LDPC_Div   | return value |
|reset              |  in |    1|   ap_none  |     reset    |    scalar    |
|rd_clk_out         | out |    1|   ap_vld   |  rd_clk_out  |    pointer   |
|rd_clk_out_ap_vld  | out |    1|   ap_vld   |  rd_clk_out  |    pointer   |
|clk_div            |  in |   16|   ap_none  |    clk_div   |    scalar    |
|block_V            |  in |    2|   ap_none  |    block_V   |    scalar    |
+-------------------+-----+-----+------------+--------------+--------------+

